// Jest Snapshot v1, https://goo.gl/fbAQLP

exports[`ReportUpload rendering render with Props 1`] = `
<TabContainer
  className="report-upload"
>
  <TabHeader
    downloadButtonDisabled={[Function]}
    exitCode="exit 0"
    onDownload={null}
    onRestart={null}
    toggleFullScreen={[Function]}
  />
  <TabBody
    completed={0}
    error={null}
    exitCode="exit 0"
    logs={
      Array [
        "No running process",
      ]
    }
    scheduled={null}
  />
</TabContainer>
`;

exports[`ReportUpload rendering render without Props 1`] = `
<TabContainer
  className="report-upload"
>
  <TabHeader
    downloadButtonDisabled={[Function]}
    exitCode=""
    onDownload={null}
    onRestart={null}
    toggleFullScreen={[Function]}
  />
  <TabBody
    completed={0}
    error={null}
    exitCode=""
    logs={null}
    scheduled={null}
  />
</TabContainer>
`;
