// Jest Snapshot v1, https://goo.gl/fbAQLP

exports[`InsightsTable rendering render with Props 1`] = `
<Fragment>
  <SelectAllAlert
    clearAllSelection={[Function]}
    isAllSelected={false}
    selectAll={[Function]}
    selectedIds={Object {}}
    showSelectAllAlert={false}
  />
  <Table
    actionsMenuAppendTo="inline"
    aria-label="Recommendations Table"
    borders={true}
    canCollapseAll={false}
    canSelectAll={false}
    canSortFavorites={true}
    cells={
      Array [
        Object {
          "id": "hostname",
          "sortKey": "hostname",
          "title": "Hostname",
          "transforms": Array [
            [Function],
            [Function],
          ],
        },
        Object {
          "id": "recommendation",
          "sortKey": "title",
          "title": "Recommendation",
          "transforms": Array [
            [Function],
            [Function],
          ],
        },
        Object {
          "cellTransforms": Array [
            [Function],
          ],
          "id": "total risk",
          "sortKey": "total_risk",
          "title": "Total risk",
          "transforms": Array [
            [Function],
            [Function],
          ],
        },
        Object {
          "cellTransforms": Array [
            [Function],
          ],
          "id": "remediate",
          "title": "Remediate",
          "transforms": Array [
            [Function],
          ],
        },
        Object {
          "cellTransforms": Array [
            [Function],
          ],
          "id": "actions",
          "title": "",
          "transforms": Array [
            [Function],
          ],
        },
      ]
    }
    className="rh-cloud-recommendations-table"
    collapseAllAriaLabel=""
    contentId="expanded-content"
    dropdownDirection="down"
    dropdownPosition="right"
    expandId="expandable-toggle"
    gridBreakPoint="grid-md"
    isHeaderSelectDisabled={false}
    isNested={false}
    isStickyHeader={false}
    isTreeTable={false}
    onSelect={[Function]}
    onSort={[Function]}
    ouiaId="rh-cloud-recommendations-table"
    ouiaSafe={true}
    role="grid"
    rowLabeledBy="simple-node"
    rows={Array []}
    selectVariant="checkbox"
    sortBy={
      Object {
        "direction": "desc",
        "index": 3,
      }
    }
    variant="compact"
  >
    <TableHeader />
    <TableBody />
  </Table>
  <TableEmptyState
    error={null}
    rowsLength={0}
    status="RESOLVED"
  />
  <Pagination
    variant="bottom"
  />
</Fragment>
`;
