// Jest Snapshot v1, https://goo.gl/fbAQLP

exports[`Dashboard rendering with props 1`] = `
<NavContainer
  items={
    Array [
      Object {
        "component": [Function],
        "icon": "database",
        "name": "Generating",
        "onClick": [Function],
        "props": Object {
          "downloadButtonDisabled": [Function],
          "downloadReports": [Function],
          "exitCode": "unknown",
          "restartProcess": [Function],
          "toggleFullScreen": [Function],
        },
      },
      Object {
        "component": [Function],
        "icon": "cloud-upload",
        "name": "Uploading",
        "onClick": [Function],
        "props": Object {
          "exitCode": "unknown",
          "toggleFullScreen": [Function],
        },
      },
    ]
  }
  showFullScreen={false}
  terminalProps={Object {}}
  toggleFullScreen={[Function]}
/>
`;
