// Jest Snapshot v1, https://goo.gl/fbAQLP

exports[`InventoryFilter rendering render with props 1`] = `
<form
  id="inventory_filter_form"
>
  <FormGroup>
    <TextInput
      id="inventory_filter_input"
      onChange={[Function]}
      ouiaId="inventory_filter_input"
      placeholder="Filter.."
      type="text"
      value="test_filter_term"
    />
    <ClearButton
      onClear={[Function]}
    />
  </FormGroup>
</form>
`;
