// Jest Snapshot v1, https://goo.gl/fbAQLP

exports[`InsightsCloudSync helpers should return insights cloud Url 1`] = `
<Switch
  aria-label=""
  className="foreman-rh-cloud-switcher"
  id="rh-cloud-switcher-some-id"
  isChecked={true}
  isDisabled={false}
  isReversed={false}
  label={
    <div>
      some-label
      <HelpLabel
        className="switcher-help-label"
        id="some-id"
        text="some-text"
      />
    </div>
  }
  onChange={[MockFunction]}
  ouiaId="foreman-rh-cloud-switcher"
/>
`;
