// Jest Snapshot v1, https://goo.gl/fbAQLP

exports[`SyncButton rendering render with Props 1`] = `
<Fragment>
  <Button
    className="sync_button"
    isDisabled={false}
    onClick={[Function]}
    size="lg"
    variant="secondary"
  >
     Sync all inventory status
  </Button>
</Fragment>
`;
