// Jest Snapshot v1, https://goo.gl/fbAQLP

exports[`InsightsCloudSync render 1`] = `
<InsightsCloudSync
  fetchInsights={[Function]}
  query=""
  status="RESOLVED"
  syncInsights={[Function]}
/>
`;
